[INFO] Scanning for projects...
[INFO] 
[INFO] -------------------< com.academic.file:file-service >-------------------
[INFO] Building file-service 0.0.1-SNAPSHOT
[INFO]   from pom.xml
[INFO] --------------------------------[ jar ]---------------------------------
[INFO] 
[INFO] >>> spring-boot:3.2.6:run (default-cli) > test-compile @ file-service >>>
[INFO] 
[INFO] --- resources:3.3.1:resources (default-resources) @ file-service ---
[INFO] Copying 1 resource from src\main\resources to target\classes
[INFO] Copying 0 resource from src\main\resources to target\classes
[INFO] 
[INFO] --- compiler:3.11.0:compile (default-compile) @ file-service ---
[INFO] Nothing to compile - all classes are up to date
[INFO] 
[INFO] --- resources:3.3.1:testResources (default-testResources) @ file-service ---
[INFO] skip non existing resourceDirectory c:\大三上学期\软分\Project\services\file-service\src\test\resources
[INFO] 
[INFO] --- compiler:3.11.0:testCompile (default-testCompile) @ file-service ---
[INFO] No sources to compile
[INFO] 
[INFO] <<< spring-boot:3.2.6:run (default-cli) < test-compile @ file-service <<<
[INFO] 
[INFO] 
[INFO] --- spring-boot:3.2.6:run (default-cli) @ file-service ---
[INFO] Attaching agents: []

  .   ____          _            __ _ _
 /\\ / ___'_ __ _ _(_)_ __  __ _ \ \ \ \
( ( )\___ | '_ | '_| | '_ \/ _` | \ \ \ \
 \\/  ___)| |_)| | | | | || (_| |  ) ) ) )
  '  |____| .__|_| |_|_| |_\__, | / / / /
 =========|_|==============|___/=/_/_/_/
 :: Spring Boot ::                (v3.2.6)

2025-12-04T23:56:20.051+08:00  INFO 36392 --- [           main] c.academic.file.FileServiceApplication   : Starting FileServiceApplication using Java 17.0.12 with PID 36392 (C:\大三上学期\软分\Project\services\file-service\target\classes started by PJ in c:\大三上学期\软分\Project\services\file-service)
2025-12-04T23:56:20.054+08:00  INFO 36392 --- [           main] c.academic.file.FileServiceApplication   : No active profile set, falling back to 1 default profile: "default"
2025-12-04T23:56:21.149+08:00  INFO 36392 --- [           main] o.s.b.w.embedded.tomcat.TomcatWebServer  : Tomcat initialized with port 8083 (http)
2025-12-04T23:56:21.162+08:00  INFO 36392 --- [           main] o.apache.catalina.core.StandardService   : Starting service [Tomcat]
2025-12-04T23:56:21.162+08:00  INFO 36392 --- [           main] o.apache.catalina.core.StandardEngine    : Starting Servlet engine: [Apache Tomcat/10.1.24]
2025-12-04T23:56:21.216+08:00  INFO 36392 --- [           main] o.a.c.c.C.[Tomcat].[localhost].[/]       : Initializing Spring embedded WebApplicationContext
2025-12-04T23:56:21.217+08:00  INFO 36392 --- [           main] w.s.c.ServletWebServerApplicationContext : Root WebApplicationContext: initialization completed in 1088 ms
2025-12-04T23:56:21.599+08:00  INFO 36392 --- [           main] o.s.b.w.embedded.tomcat.TomcatWebServer  : Tomcat started on port 8083 (http) with context path ''

==================================================
Swagger UI: http://localhost:8083/swagger-ui/index.html
Click the link to open the API docs.
==================================================
2025-12-04T23:56:21.606+08:00  INFO 36392 --- [           main] c.academic.file.FileServiceApplication   : Started FileServiceApplication in 2.016 seconds (process running for 2.435)
[INFO] ------------------------------------------------------------------------
[INFO] BUILD SUCCESS
[INFO] ------------------------------------------------------------------------
[INFO] Total time:  33.350 s
[INFO] Finished at: 2025-12-04T23:56:50+08:00
[INFO] ------------------------------------------------------------------------
终止批处理操作吗(Y/N)? 终止批处理操作吗(Y/N)? 