[INFO] Scanning for projects...
[INFO] 
[INFO] -------------------< com.academic.file:file-service >-------------------
[INFO] Building file-service 0.0.1-SNAPSHOT
[INFO]   from pom.xml
[INFO] --------------------------------[ jar ]---------------------------------
[INFO] 
[INFO] >>> spring-boot:3.2.6:run (default-cli) > test-compile @ file-service >>>
[INFO] 
[INFO] --- resources:3.3.1:resources (default-resources) @ file-service ---
[INFO] Copying 1 resource from src\main\resources to target\classes
[INFO] Copying 0 resource from src\main\resources to target\classes
[INFO] 
[INFO] --- compiler:3.11.0:compile (default-compile) @ file-service ---
[INFO] Nothing to compile - all classes are up to date
[INFO] 
[INFO] --- resources:3.3.1:testResources (default-testResources) @ file-service ---
[INFO] skip non existing resourceDirectory c:\大三上学期\软分\Project\services\file-service\src\test\resources
[INFO] 
[INFO] --- compiler:3.11.0:testCompile (default-testCompile) @ file-service ---
[INFO] No sources to compile
[INFO] 
[INFO] <<< spring-boot:3.2.6:run (default-cli) < test-compile @ file-service <<<
[INFO] 
[INFO] 
[INFO] --- spring-boot:3.2.6:run (default-cli) @ file-service ---
[INFO] Attaching agents: []

  .   ____          _            __ _ _
 /\\ / ___'_ __ _ _(_)_ __  __ _ \ \ \ \
( ( )\___ | '_ | '_| | '_ \/ _` | \ \ \ \
 \\/  ___)| |_)| | | | | || (_| |  ) ) ) )
  '  |____| .__|_| |_|_| |_\__, | / / / /
 =========|_|==============|___/=/_/_/_/
 :: Spring Boot ::                (v3.2.6)

2025-12-05T00:06:33.107+08:00  INFO 19936 --- [           main] c.academic.file.FileServiceApplication   : Starting FileServiceApplication using Java 17.0.12 with PID 19936 (C:\大三上学期\软分\Project\services\file-service\target\classes started by PJ in c:\大三上学期\软分\Project\services\file-service)
2025-12-05T00:06:33.110+08:00  INFO 19936 --- [           main] c.academic.file.FileServiceApplication   : No active profile set, falling back to 1 default profile: "default"
2025-12-05T00:06:34.015+08:00  INFO 19936 --- [           main] o.s.b.w.embedded.tomcat.TomcatWebServer  : Tomcat initialized with port 8083 (http)
2025-12-05T00:06:34.022+08:00  INFO 19936 --- [           main] o.apache.catalina.core.StandardService   : Starting service [Tomcat]
2025-12-05T00:06:34.022+08:00  INFO 19936 --- [           main] o.apache.catalina.core.StandardEngine    : Starting Servlet engine: [Apache Tomcat/10.1.24]
2025-12-05T00:06:34.059+08:00  INFO 19936 --- [           main] o.a.c.c.C.[Tomcat].[localhost].[/]       : Initializing Spring embedded WebApplicationContext
2025-12-05T00:06:34.060+08:00  INFO 19936 --- [           main] w.s.c.ServletWebServerApplicationContext : Root WebApplicationContext: initialization completed in 879 ms
2025-12-05T00:06:34.395+08:00  INFO 19936 --- [           main] o.s.b.w.embedded.tomcat.TomcatWebServer  : Tomcat started on port 8083 (http) with context path ''

==================================================
Swagger UI: http://localhost:8083/swagger-ui/index.html
Click the link to open the API docs.
==================================================
2025-12-05T00:06:34.403+08:00  INFO 19936 --- [           main] c.academic.file.FileServiceApplication   : Started FileServiceApplication in 1.62 seconds (process running for 1.94)
2025-12-05T00:06:50.140+08:00  INFO 19936 --- [nio-8083-exec-1] o.a.c.c.C.[Tomcat].[localhost].[/]       : Initializing Spring DispatcherServlet 'dispatcherServlet'
2025-12-05T00:06:50.140+08:00  INFO 19936 --- [nio-8083-exec-1] o.s.web.servlet.DispatcherServlet        : Initializing Servlet 'dispatcherServlet'
2025-12-05T00:06:50.141+08:00  INFO 19936 --- [nio-8083-exec-1] o.s.web.servlet.DispatcherServlet        : Completed initialization in 1 ms
2025-12-05T00:08:39.977+08:00  INFO 19936 --- [nio-8083-exec-2] c.obs.services.internal.utils.RestUtils  : use Default Dns
2025-12-05T00:08:40.009+08:00  INFO 19936 --- [nio-8083-exec-2] com.obs.services.AbstractClient          : Storage|1|HTTP+XML|ObsClient||||2025-12-05 00:08:39|2025-12-05 00:08:40|||0|
2025-12-05T00:08:40.009+08:00  WARN 19936 --- [nio-8083-exec-2] com.obs.services.AbstractClient          : [OBS SDK Version=3.25.10];[Endpoint=https://obs.cn-north-4.myhuaweicloud.com:443/];[Access Mode=Virtul Hosting]
2025-12-05T00:08:40.048+08:00  INFO 19936 --- [nio-8083-exec-2] c.obs.services.internal.utils.RestUtils  : internet host address:[team13-file.obs.cn-north-4.myhuaweicloud.com/123.60.240.82, team13-file.obs.cn-north-4.myhuaweicloud.com/123.60.240.83]
2025-12-05T00:08:40.197+08:00  INFO 19936 --- [nio-8083-exec-2] c.o.s.internal.RestStorageService        : OkHttp cost 175 ms to apply http request
2025-12-05T00:08:40.203+08:00  INFO 19936 --- [nio-8083-exec-2] c.o.s.internal.RestStorageService        : Storage|1|HTTP+XML|performRequest||||2025-12-05 00:08:40|2025-12-05 00:08:40||[responseCode: 200][request-id: 0000019AEA1F73818327A0A43770325F]|0|
2025-12-05T00:08:40.330+08:00  INFO 19936 --- [nio-8083-exec-2] c.o.s.internal.RestStorageService        : OkHttp cost 116 ms to apply http request
2025-12-05T00:08:40.331+08:00  INFO 19936 --- [nio-8083-exec-2] c.o.s.internal.RestStorageService        : Storage|1|HTTP+XML|performRequest||||2025-12-05 00:08:40|2025-12-05 00:08:40||[responseCode: 200][request-id: 0000019AEA1F73C38327A0A437703260]|0|
2025-12-05T00:08:40.331+08:00  INFO 19936 --- [nio-8083-exec-2] com.obs.services.AbstractClient          : Storage|1|HTTP+XML|headBucket||||2025-12-05 00:08:40|2025-12-05 00:08:40|||0|
2025-12-05T00:08:40.332+08:00  INFO 19936 --- [nio-8083-exec-2] com.obs.services.AbstractClient          : ObsClient [headBucket] cost 323 ms
2025-12-05T00:08:40.332+08:00  INFO 19936 --- [nio-8083-exec-2] com.obs.log.AccessLogger                 : 2025-12-05 00:08:39 980|http-nio-8083-exec-2|info|com.obs.services.internal.utils.RestUtils$DefaultObsDns|<init>|line:490|use Default Dns
2025-12-05 00:08:40 009|http-nio-8083-exec-2|info|com.obs.services.AbstractClient|init|line:78|Storage|1|HTTP+XML|ObsClient||||2025-12-05 00:08:39|2025-12-05 00:08:40|||0|
2025-12-05 00:08:40 009|http-nio-8083-exec-2|warn|com.obs.services.AbstractClient|init|line:97|[OBS SDK Version=3.25.10];[Endpoint=https://obs.cn-north-4.myhuaweicloud.com:443/];[Access Mode=Virtul Hosting]
2025-12-05 00:08:40 048|http-nio-8083-exec-2|info|com.obs.services.internal.utils.RestUtils$DefaultObsDns|lookup|line:501|internet host address:[team13-file.obs.cn-north-4.myhuaweicloud.com/123.60.240.82, team13-file.obs.cn-north-4.myhuaweicloud.com/123.60.240.83]
2025-12-05 00:08:40 197|http-nio-8083-exec-2|info|com.obs.services.internal.RestStorageService|executeRequest|line:658|OkHttp cost 175 ms to apply http request
2025-12-05 00:08:40 203|http-nio-8083-exec-2|info|com.obs.services.internal.RestStorageService|performRequest|line:396|Storage|1|HTTP+XML|performRequest||||2025-12-05 00:08:40|2025-12-05 00:08:40||[responseCode: 200][request-id: 0000019AEA1F73818327A0A43770325F]|0|
2025-12-05 00:08:40 330|http-nio-8083-exec-2|info|com.obs.services.internal.RestStorageService|executeRequest|line:658|OkHttp cost 116 ms to apply http request
2025-12-05 00:08:40 331|http-nio-8083-exec-2|info|com.obs.services.internal.RestStorageService|performRequest|line:396|Storage|1|HTTP+XML|performRequest||||2025-12-05 00:08:40|2025-12-05 00:08:40||[responseCode: 200][request-id: 0000019AEA1F73C38327A0A437703260]|0|
2025-12-05 00:08:40 331|http-nio-8083-exec-2|info|com.obs.services.AbstractClient|doActionWithResult|line:402|Storage|1|HTTP+XML|headBucket||||2025-12-05 00:08:40|2025-12-05 00:08:40|||0|
2025-12-05 00:08:40 332|http-nio-8083-exec-2|info|com.obs.services.AbstractClient|doActionWithResult|line:403|ObsClient [headBucket] cost 323 ms

2025-12-05T00:08:40.351+08:00  INFO 19936 --- [nio-8083-exec-2] c.o.s.internal.RestStorageService        : write data end, cost 1 ms
2025-12-05T00:08:40.366+08:00  INFO 19936 --- [nio-8083-exec-2] c.o.s.internal.RestStorageService        : OkHttp cost 18 ms to apply http request
2025-12-05T00:08:40.367+08:00  INFO 19936 --- [nio-8083-exec-2] c.o.s.internal.RestStorageService        : Storage|1|HTTP+XML|performRequest||||2025-12-05 00:08:40|2025-12-05 00:08:40||[responseCode: 200][request-id: 0000019AEA1F744E8327A0A437703262]|0|
2025-12-05T00:08:40.368+08:00  INFO 19936 --- [nio-8083-exec-2] com.obs.services.AbstractClient          : Storage|1|HTTP+XML|putObject||||2025-12-05 00:08:40|2025-12-05 00:08:40|||0|
2025-12-05T00:08:40.368+08:00  INFO 19936 --- [nio-8083-exec-2] com.obs.services.AbstractClient          : ObsClient [putObject] cost 23 ms
2025-12-05T00:08:40.369+08:00  INFO 19936 --- [nio-8083-exec-2] com.obs.log.AccessLogger                 : 2025-12-05 00:08:40 351|http-nio-8083-exec-2|info|com.obs.services.internal.RepeatableRequestEntity|writeTo|line:108|write data end, cost 1 ms
2025-12-05 00:08:40 366|http-nio-8083-exec-2|info|com.obs.services.internal.RestStorageService|executeRequest|line:658|OkHttp cost 18 ms to apply http request
2025-12-05 00:08:40 367|http-nio-8083-exec-2|info|com.obs.services.internal.RestStorageService|performRequest|line:432|Storage|1|HTTP+XML|performRequest||||2025-12-05 00:08:40|2025-12-05 00:08:40||[responseCode: 200][request-id: 0000019AEA1F744E8327A0A437703262]|0|
2025-12-05 00:08:40 368|http-nio-8083-exec-2|info|com.obs.services.AbstractClient|doActionWithResult|line:402|Storage|1|HTTP+XML|putObject||||2025-12-05 00:08:40|2025-12-05 00:08:40|||0|
2025-12-05 00:08:40 368|http-nio-8083-exec-2|info|com.obs.services.AbstractClient|doActionWithResult|line:403|ObsClient [putObject] cost 23 ms

2025-12-05T00:08:40.369+08:00  WARN 19936 --- [nio-8083-exec-2] com.obs.services.AbstractClient          : client closing
2025-12-05T00:08:40.369+08:00  INFO 19936 --- [nio-8083-exec-2] com.obs.log.AccessLogger                 : 2025-12-05 00:08:40 369|http-nio-8083-exec-2|warn|com.obs.services.AbstractClient|close|line:448|client closing

2025-12-05T00:08:40.371+08:00  WARN 19936 --- [nio-8083-exec-2] com.obs.services.AbstractClient          : client closed
2025-12-05T00:08:40.371+08:00  INFO 19936 --- [nio-8083-exec-2] com.obs.log.AccessLogger                 : 2025-12-05 00:08:40 371|http-nio-8083-exec-2|warn|com.obs.services.AbstractClient|close|line:451|client closed

2025-12-05T00:08:50.648+08:00  INFO 19936 --- [nio-8083-exec-3] c.obs.services.internal.utils.RestUtils  : use Default Dns
2025-12-05T00:08:50.649+08:00  INFO 19936 --- [nio-8083-exec-3] com.obs.services.AbstractClient          : Storage|1|HTTP+XML|ObsClient||||2025-12-05 00:08:50|2025-12-05 00:08:50|||0|
2025-12-05T00:08:50.649+08:00  WARN 19936 --- [nio-8083-exec-3] com.obs.services.AbstractClient          : [OBS SDK Version=3.25.10];[Endpoint=https://obs.cn-north-4.myhuaweicloud.com:443/];[Access Mode=Virtul Hosting]
2025-12-05T00:08:50.650+08:00  INFO 19936 --- [nio-8083-exec-3] c.obs.services.internal.utils.RestUtils  : internet host address:[team13-file.obs.cn-north-4.myhuaweicloud.com/123.60.240.82, team13-file.obs.cn-north-4.myhuaweicloud.com/123.60.240.83]
2025-12-05T00:08:50.680+08:00  INFO 19936 --- [nio-8083-exec-3] c.o.s.internal.RestStorageService        : OkHttp cost 30 ms to apply http request
2025-12-05T00:08:50.680+08:00  INFO 19936 --- [nio-8083-exec-3] c.o.s.internal.RestStorageService        : Storage|1|HTTP+XML|performRequest||||2025-12-05 00:08:50|2025-12-05 00:08:50||[responseCode: 200][request-id: 0000019AEA1F9C99830A2B829B7963A1]|0|
2025-12-05T00:08:50.697+08:00  INFO 19936 --- [nio-8083-exec-3] c.o.s.internal.RestStorageService        : OkHttp cost 16 ms to apply http request
2025-12-05T00:08:50.697+08:00  INFO 19936 --- [nio-8083-exec-3] c.o.s.internal.RestStorageService        : Storage|1|HTTP+XML|performRequest||||2025-12-05 00:08:50|2025-12-05 00:08:50||[responseCode: 200][request-id: 0000019AEA1F9CA6830A2B829B7963A2]|0|
2025-12-05T00:08:50.698+08:00  INFO 19936 --- [nio-8083-exec-3] com.obs.services.AbstractClient          : Storage|1|HTTP+XML|headBucket||||2025-12-05 00:08:50|2025-12-05 00:08:50|||0|
2025-12-05T00:08:50.698+08:00  INFO 19936 --- [nio-8083-exec-3] com.obs.services.AbstractClient          : ObsClient [headBucket] cost 49 ms
2025-12-05T00:08:50.698+08:00  INFO 19936 --- [nio-8083-exec-3] com.obs.log.AccessLogger                 : 2025-12-05 00:08:50 648|http-nio-8083-exec-3|info|com.obs.services.internal.utils.RestUtils$DefaultObsDns|<init>|line:490|use Default Dns
2025-12-05 00:08:50 649|http-nio-8083-exec-3|info|com.obs.services.AbstractClient|init|line:78|Storage|1|HTTP+XML|ObsClient||||2025-12-05 00:08:50|2025-12-05 00:08:50|||0|
2025-12-05 00:08:50 649|http-nio-8083-exec-3|warn|com.obs.services.AbstractClient|init|line:97|[OBS SDK Version=3.25.10];[Endpoint=https://obs.cn-north-4.myhuaweicloud.com:443/];[Access Mode=Virtul Hosting]
2025-12-05 00:08:50 650|http-nio-8083-exec-3|info|com.obs.services.internal.utils.RestUtils$DefaultObsDns|lookup|line:501|internet host address:[team13-file.obs.cn-north-4.myhuaweicloud.com/123.60.240.82, team13-file.obs.cn-north-4.myhuaweicloud.com/123.60.240.83]
2025-12-05 00:08:50 680|http-nio-8083-exec-3|info|com.obs.services.internal.RestStorageService|executeRequest|line:658|OkHttp cost 30 ms to apply http request
2025-12-05 00:08:50 681|http-nio-8083-exec-3|info|com.obs.services.internal.RestStorageService|performRequest|line:396|Storage|1|HTTP+XML|performRequest||||2025-12-05 00:08:50|2025-12-05 00:08:50||[responseCode: 200][request-id: 0000019AEA1F9C99830A2B829B7963A1]|0|
2025-12-05 00:08:50 697|http-nio-8083-exec-3|info|com.obs.services.internal.RestStorageService|executeRequest|line:658|OkHttp cost 16 ms to apply http request
2025-12-05 00:08:50 697|http-nio-8083-exec-3|info|com.obs.services.internal.RestStorageService|performRequest|line:396|Storage|1|HTTP+XML|performRequest||||2025-12-05 00:08:50|2025-12-05 00:08:50||[responseCode: 200][request-id: 0000019AEA1F9CA6830A2B829B7963A2]|0|
2025-12-05 00:08:50 698|http-nio-8083-exec-3|info|com.obs.services.AbstractClient|doActionWithResult|line:402|Storage|1|HTTP+XML|headBucket||||2025-12-05 00:08:50|2025-12-05 00:08:50|||0|
2025-12-05 00:08:50 698|http-nio-8083-exec-3|info|com.obs.services.AbstractClient|doActionWithResult|line:403|ObsClient [headBucket] cost 49 ms

2025-12-05T00:08:50.710+08:00  INFO 19936 --- [nio-8083-exec-3] c.o.s.internal.RestStorageService        : OkHttp cost 11 ms to apply http request
2025-12-05T00:08:50.710+08:00  INFO 19936 --- [nio-8083-exec-3] c.o.s.internal.RestStorageService        : Storage|1|HTTP+XML|performRequest||||2025-12-05 00:08:50|2025-12-05 00:08:50||[responseCode: 200][request-id: 0000019AEA1F9CB8830A2B829B7963A3]|0|
2025-12-05T00:08:50.712+08:00  INFO 19936 --- [nio-8083-exec-3] com.obs.services.AbstractClient          : Storage|1|HTTP+XML|getObject||||2025-12-05 00:08:50|2025-12-05 00:08:50|||0|
2025-12-05T00:08:50.712+08:00  INFO 19936 --- [nio-8083-exec-3] com.obs.services.AbstractClient          : ObsClient [getObject] cost 14 ms
2025-12-05T00:08:50.712+08:00  INFO 19936 --- [nio-8083-exec-3] com.obs.log.AccessLogger                 : 2025-12-05 00:08:50 710|http-nio-8083-exec-3|info|com.obs.services.internal.RestStorageService|executeRequest|line:658|OkHttp cost 11 ms to apply http request
2025-12-05 00:08:50 710|http-nio-8083-exec-3|info|com.obs.services.internal.RestStorageService|performRequest|line:396|Storage|1|HTTP+XML|performRequest||||2025-12-05 00:08:50|2025-12-05 00:08:50||[responseCode: 200][request-id: 0000019AEA1F9CB8830A2B829B7963A3]|0|
2025-12-05 00:08:50 712|http-nio-8083-exec-3|info|com.obs.services.AbstractClient|doActionWithResult|line:402|Storage|1|HTTP+XML|getObject||||2025-12-05 00:08:50|2025-12-05 00:08:50|||0|
2025-12-05 00:08:50 712|http-nio-8083-exec-3|info|com.obs.services.AbstractClient|doActionWithResult|line:403|ObsClient [getObject] cost 14 ms

2025-12-05T00:08:50.712+08:00  WARN 19936 --- [nio-8083-exec-3] com.obs.services.AbstractClient          : client closing
2025-12-05T00:08:50.713+08:00  INFO 19936 --- [nio-8083-exec-3] com.obs.log.AccessLogger                 : 2025-12-05 00:08:50 713|http-nio-8083-exec-3|warn|com.obs.services.AbstractClient|close|line:448|client closing

2025-12-05T00:08:50.713+08:00  WARN 19936 --- [nio-8083-exec-3] com.obs.services.AbstractClient          : client closed
2025-12-05T00:08:50.713+08:00  INFO 19936 --- [nio-8083-exec-3] com.obs.log.AccessLogger                 : 2025-12-05 00:08:50 713|http-nio-8083-exec-3|warn|com.obs.services.AbstractClient|close|line:451|client closed

2025-12-05T00:21:21.834+08:00  INFO 19936 --- [nio-8083-exec-5] c.obs.services.internal.utils.RestUtils  : use Default Dns
2025-12-05T00:21:21.834+08:00  INFO 19936 --- [nio-8083-exec-5] com.obs.services.AbstractClient          : Storage|1|HTTP+XML|ObsClient||||2025-12-05 00:21:21|2025-12-05 00:21:21|||0|
2025-12-05T00:21:21.835+08:00  WARN 19936 --- [nio-8083-exec-5] com.obs.services.AbstractClient          : [OBS SDK Version=3.25.10];[Endpoint=https://obs.cn-north-4.myhuaweicloud.com:443/];[Access Mode=Virtul Hosting]
2025-12-05T00:21:21.891+08:00  INFO 19936 --- [nio-8083-exec-5] c.obs.services.internal.utils.RestUtils  : internet host address:[team13-file.obs.cn-north-4.myhuaweicloud.com/123.60.240.82, team13-file.obs.cn-north-4.myhuaweicloud.com/123.60.240.83]
2025-12-05T00:21:21.954+08:00  INFO 19936 --- [nio-8083-exec-5] c.o.s.internal.RestStorageService        : OkHttp cost 119 ms to apply http request
2025-12-05T00:21:21.955+08:00  INFO 19936 --- [nio-8083-exec-5] c.o.s.internal.RestStorageService        : Storage|1|HTTP+XML|performRequest||||2025-12-05 00:21:21|2025-12-05 00:21:21||[responseCode: 200][request-id: 0000019AEA2B13388144F5DD43EED8C4]|0|
2025-12-05T00:21:22.052+08:00  INFO 19936 --- [nio-8083-exec-5] c.o.s.internal.RestStorageService        : OkHttp cost 96 ms to apply http request
2025-12-05T00:21:22.053+08:00  INFO 19936 --- [nio-8083-exec-5] c.o.s.internal.RestStorageService        : Storage|1|HTTP+XML|performRequest||||2025-12-05 00:21:21|2025-12-05 00:21:22||[responseCode: 200][request-id: 0000019AEA2B135A8144F5DD43EED8C5]|0|
2025-12-05T00:21:22.053+08:00  INFO 19936 --- [nio-8083-exec-5] com.obs.services.AbstractClient          : Storage|1|HTTP+XML|headBucket||||2025-12-05 00:21:21|2025-12-05 00:21:22|||0|
2025-12-05T00:21:22.053+08:00  INFO 19936 --- [nio-8083-exec-5] com.obs.services.AbstractClient          : ObsClient [headBucket] cost 218 ms
2025-12-05T00:21:22.053+08:00  INFO 19936 --- [nio-8083-exec-5] com.obs.log.AccessLogger                 : 2025-12-05 00:21:21 834|http-nio-8083-exec-5|info|com.obs.services.internal.utils.RestUtils$DefaultObsDns|<init>|line:490|use Default Dns
2025-12-05 00:21:21 834|http-nio-8083-exec-5|info|com.obs.services.AbstractClient|init|line:78|Storage|1|HTTP+XML|ObsClient||||2025-12-05 00:21:21|2025-12-05 00:21:21|||0|
2025-12-05 00:21:21 835|http-nio-8083-exec-5|warn|com.obs.services.AbstractClient|init|line:97|[OBS SDK Version=3.25.10];[Endpoint=https://obs.cn-north-4.myhuaweicloud.com:443/];[Access Mode=Virtul Hosting]
2025-12-05 00:21:21 891|http-nio-8083-exec-5|info|com.obs.services.internal.utils.RestUtils$DefaultObsDns|lookup|line:501|internet host address:[team13-file.obs.cn-north-4.myhuaweicloud.com/123.60.240.82, team13-file.obs.cn-north-4.myhuaweicloud.com/123.60.240.83]
2025-12-05 00:21:21 954|http-nio-8083-exec-5|info|com.obs.services.internal.RestStorageService|executeRequest|line:658|OkHttp cost 119 ms to apply http request
2025-12-05 00:21:21 955|http-nio-8083-exec-5|info|com.obs.services.internal.RestStorageService|performRequest|line:396|Storage|1|HTTP+XML|performRequest||||2025-12-05 00:21:21|2025-12-05 00:21:21||[responseCode: 200][request-id: 0000019AEA2B13388144F5DD43EED8C4]|0|
2025-12-05 00:21:22 052|http-nio-8083-exec-5|info|com.obs.services.internal.RestStorageService|executeRequest|line:658|OkHttp cost 96 ms to apply http request
2025-12-05 00:21:22 053|http-nio-8083-exec-5|info|com.obs.services.internal.RestStorageService|performRequest|line:396|Storage|1|HTTP+XML|performRequest||||2025-12-05 00:21:21|2025-12-05 00:21:22||[responseCode: 200][request-id: 0000019AEA2B135A8144F5DD43EED8C5]|0|
2025-12-05 00:21:22 053|http-nio-8083-exec-5|info|com.obs.services.AbstractClient|doActionWithResult|line:402|Storage|1|HTTP+XML|headBucket||||2025-12-05 00:21:21|2025-12-05 00:21:22|||0|
2025-12-05 00:21:22 053|http-nio-8083-exec-5|info|com.obs.services.AbstractClient|doActionWithResult|line:403|ObsClient [headBucket] cost 218 ms

2025-12-05T00:21:22.070+08:00  INFO 19936 --- [nio-8083-exec-5] c.o.s.internal.RestStorageService        : write data end, cost 0 ms
2025-12-05T00:21:22.081+08:00  INFO 19936 --- [nio-8083-exec-5] c.o.s.internal.RestStorageService        : OkHttp cost 11 ms to apply http request
2025-12-05T00:21:22.082+08:00  INFO 19936 --- [nio-8083-exec-5] c.o.s.internal.RestStorageService        : Storage|1|HTTP+XML|performRequest||||2025-12-05 00:21:22|2025-12-05 00:21:22||[responseCode: 200][request-id: 0000019AEA2B13CC8144F5DD43EED8C7]|0|
2025-12-05T00:21:22.083+08:00  INFO 19936 --- [nio-8083-exec-5] com.obs.services.AbstractClient          : Storage|1|HTTP+XML|putObject||||2025-12-05 00:21:22|2025-12-05 00:21:22|||0|
2025-12-05T00:21:22.083+08:00  INFO 19936 --- [nio-8083-exec-5] com.obs.services.AbstractClient          : ObsClient [putObject] cost 14 ms
2025-12-05T00:21:22.083+08:00  INFO 19936 --- [nio-8083-exec-5] com.obs.log.AccessLogger                 : 2025-12-05 00:21:22 070|http-nio-8083-exec-5|info|com.obs.services.internal.RepeatableRequestEntity|writeTo|line:108|write data end, cost 0 ms
2025-12-05 00:21:22 081|http-nio-8083-exec-5|info|com.obs.services.internal.RestStorageService|executeRequest|line:658|OkHttp cost 11 ms to apply http request
2025-12-05 00:21:22 082|http-nio-8083-exec-5|info|com.obs.services.internal.RestStorageService|performRequest|line:432|Storage|1|HTTP+XML|performRequest||||2025-12-05 00:21:22|2025-12-05 00:21:22||[responseCode: 200][request-id: 0000019AEA2B13CC8144F5DD43EED8C7]|0|
2025-12-05 00:21:22 083|http-nio-8083-exec-5|info|com.obs.services.AbstractClient|doActionWithResult|line:402|Storage|1|HTTP+XML|putObject||||2025-12-05 00:21:22|2025-12-05 00:21:22|||0|
2025-12-05 00:21:22 083|http-nio-8083-exec-5|info|com.obs.services.AbstractClient|doActionWithResult|line:403|ObsClient [putObject] cost 14 ms

2025-12-05T00:21:22.083+08:00  WARN 19936 --- [nio-8083-exec-5] com.obs.services.AbstractClient          : client closing
2025-12-05T00:21:22.083+08:00  INFO 19936 --- [nio-8083-exec-5] com.obs.log.AccessLogger                 : 2025-12-05 00:21:22 083|http-nio-8083-exec-5|warn|com.obs.services.AbstractClient|close|line:448|client closing

2025-12-05T00:21:22.084+08:00  WARN 19936 --- [nio-8083-exec-5] com.obs.services.AbstractClient          : client closed
2025-12-05T00:21:22.084+08:00  INFO 19936 --- [nio-8083-exec-5] com.obs.log.AccessLogger                 : 2025-12-05 00:21:22 084|http-nio-8083-exec-5|warn|com.obs.services.AbstractClient|close|line:451|client closed

2025-12-05T00:22:19.083+08:00  INFO 19936 --- [nio-8083-exec-7] c.obs.services.internal.utils.RestUtils  : use Default Dns
2025-12-05T00:22:19.083+08:00  INFO 19936 --- [nio-8083-exec-7] com.obs.services.AbstractClient          : Storage|1|HTTP+XML|ObsClient||||2025-12-05 00:22:19|2025-12-05 00:22:19|||0|
2025-12-05T00:22:19.084+08:00  WARN 19936 --- [nio-8083-exec-7] com.obs.services.AbstractClient          : [OBS SDK Version=3.25.10];[Endpoint=https://obs.cn-north-4.myhuaweicloud.com:443/];[Access Mode=Virtul Hosting]
2025-12-05T00:22:19.092+08:00  INFO 19936 --- [nio-8083-exec-7] c.obs.services.internal.utils.RestUtils  : internet host address:[team13-file.obs.cn-north-4.myhuaweicloud.com/123.60.240.82, team13-file.obs.cn-north-4.myhuaweicloud.com/123.60.240.83]
2025-12-05T00:22:19.159+08:00  INFO 19936 --- [nio-8083-exec-7] c.o.s.internal.RestStorageService        : OkHttp cost 75 ms to apply http request
2025-12-05T00:22:19.159+08:00  INFO 19936 --- [nio-8083-exec-7] c.o.s.internal.RestStorageService        : Storage|1|HTTP+XML|performRequest||||2025-12-05 00:22:19|2025-12-05 00:22:19||[responseCode: 200][request-id: 0000019AEA2BF29F8364CDD0802DD372]|0|
2025-12-05T00:22:19.178+08:00  INFO 19936 --- [nio-8083-exec-7] c.o.s.internal.RestStorageService        : OkHttp cost 18 ms to apply http request
2025-12-05T00:22:19.178+08:00  INFO 19936 --- [nio-8083-exec-7] c.o.s.internal.RestStorageService        : Storage|1|HTTP+XML|performRequest||||2025-12-05 00:22:19|2025-12-05 00:22:19||[responseCode: 200][request-id: 0000019AEA2BF2CF8364CDD0802DD373]|0|
2025-12-05T00:22:19.178+08:00  INFO 19936 --- [nio-8083-exec-7] com.obs.services.AbstractClient          : Storage|1|HTTP+XML|headBucket||||2025-12-05 00:22:19|2025-12-05 00:22:19|||0|
2025-12-05T00:22:19.179+08:00  INFO 19936 --- [nio-8083-exec-7] com.obs.services.AbstractClient          : ObsClient [headBucket] cost 94 ms
2025-12-05T00:22:19.179+08:00  INFO 19936 --- [nio-8083-exec-7] com.obs.log.AccessLogger                 : 2025-12-05 00:22:19 083|http-nio-8083-exec-7|info|com.obs.services.internal.utils.RestUtils$DefaultObsDns|<init>|line:490|use Default Dns
2025-12-05 00:22:19 083|http-nio-8083-exec-7|info|com.obs.services.AbstractClient|init|line:78|Storage|1|HTTP+XML|ObsClient||||2025-12-05 00:22:19|2025-12-05 00:22:19|||0|
2025-12-05 00:22:19 084|http-nio-8083-exec-7|warn|com.obs.services.AbstractClient|init|line:97|[OBS SDK Version=3.25.10];[Endpoint=https://obs.cn-north-4.myhuaweicloud.com:443/];[Access Mode=Virtul Hosting]
2025-12-05 00:22:19 093|http-nio-8083-exec-7|info|com.obs.services.internal.utils.RestUtils$DefaultObsDns|lookup|line:501|internet host address:[team13-file.obs.cn-north-4.myhuaweicloud.com/123.60.240.82, team13-file.obs.cn-north-4.myhuaweicloud.com/123.60.240.83]
2025-12-05 00:22:19 159|http-nio-8083-exec-7|info|com.obs.services.internal.RestStorageService|executeRequest|line:658|OkHttp cost 75 ms to apply http request
2025-12-05 00:22:19 159|http-nio-8083-exec-7|info|com.obs.services.internal.RestStorageService|performRequest|line:396|Storage|1|HTTP+XML|performRequest||||2025-12-05 00:22:19|2025-12-05 00:22:19||[responseCode: 200][request-id: 0000019AEA2BF29F8364CDD0802DD372]|0|
2025-12-05 00:22:19 178|http-nio-8083-exec-7|info|com.obs.services.internal.RestStorageService|executeRequest|line:658|OkHttp cost 18 ms to apply http request
2025-12-05 00:22:19 178|http-nio-8083-exec-7|info|com.obs.services.internal.RestStorageService|performRequest|line:396|Storage|1|HTTP+XML|performRequest||||2025-12-05 00:22:19|2025-12-05 00:22:19||[responseCode: 200][request-id: 0000019AEA2BF2CF8364CDD0802DD373]|0|
2025-12-05 00:22:19 178|http-nio-8083-exec-7|info|com.obs.services.AbstractClient|doActionWithResult|line:402|Storage|1|HTTP+XML|headBucket||||2025-12-05 00:22:19|2025-12-05 00:22:19|||0|
2025-12-05 00:22:19 179|http-nio-8083-exec-7|info|com.obs.services.AbstractClient|doActionWithResult|line:403|ObsClient [headBucket] cost 94 ms

2025-12-05T00:22:19.190+08:00  INFO 19936 --- [nio-8083-exec-7] c.o.s.internal.RestStorageService        : OkHttp cost 11 ms to apply http request
2025-12-05T00:22:19.190+08:00  INFO 19936 --- [nio-8083-exec-7] c.o.s.internal.RestStorageService        : Storage|1|HTTP+XML|performRequest||||2025-12-05 00:22:19|2025-12-05 00:22:19||[responseCode: 200][request-id: 0000019AEA2BF2E28364CDD0802DD374]|0|
2025-12-05T00:22:19.191+08:00  INFO 19936 --- [nio-8083-exec-7] com.obs.services.AbstractClient          : Storage|1|HTTP+XML|getObject||||2025-12-05 00:22:19|2025-12-05 00:22:19|||0|
2025-12-05T00:22:19.191+08:00  INFO 19936 --- [nio-8083-exec-7] com.obs.services.AbstractClient          : ObsClient [getObject] cost 12 ms
2025-12-05T00:22:19.192+08:00  INFO 19936 --- [nio-8083-exec-7] com.obs.log.AccessLogger                 : 2025-12-05 00:22:19 190|http-nio-8083-exec-7|info|com.obs.services.internal.RestStorageService|executeRequest|line:658|OkHttp cost 11 ms to apply http request
2025-12-05 00:22:19 190|http-nio-8083-exec-7|info|com.obs.services.internal.RestStorageService|performRequest|line:396|Storage|1|HTTP+XML|performRequest||||2025-12-05 00:22:19|2025-12-05 00:22:19||[responseCode: 200][request-id: 0000019AEA2BF2E28364CDD0802DD374]|0|
2025-12-05 00:22:19 191|http-nio-8083-exec-7|info|com.obs.services.AbstractClient|doActionWithResult|line:402|Storage|1|HTTP+XML|getObject||||2025-12-05 00:22:19|2025-12-05 00:22:19|||0|
2025-12-05 00:22:19 191|http-nio-8083-exec-7|info|com.obs.services.AbstractClient|doActionWithResult|line:403|ObsClient [getObject] cost 12 ms

2025-12-05T00:22:19.192+08:00  WARN 19936 --- [nio-8083-exec-7] com.obs.services.AbstractClient          : client closing
2025-12-05T00:22:19.192+08:00  INFO 19936 --- [nio-8083-exec-7] com.obs.log.AccessLogger                 : 2025-12-05 00:22:19 192|http-nio-8083-exec-7|warn|com.obs.services.AbstractClient|close|line:448|client closing

2025-12-05T00:22:19.192+08:00  WARN 19936 --- [nio-8083-exec-7] com.obs.services.AbstractClient          : client closed
2025-12-05T00:22:19.192+08:00  INFO 19936 --- [nio-8083-exec-7] com.obs.log.AccessLogger                 : 2025-12-05 00:22:19 192|http-nio-8083-exec-7|warn|com.obs.services.AbstractClient|close|line:451|client closed

[INFO] ------------------------------------------------------------------------
[INFO] BUILD FAILURE
[INFO] ------------------------------------------------------------------------
[INFO] Total time:  51:32 min
[INFO] Finished at: 2025-12-05T00:58:02+08:00
[INFO] ------------------------------------------------------------------------
[ERROR] Failed to execute goal org.springframework.boot:spring-boot-maven-plugin:3.2.6:run (default-cli) on project file-service: Process terminated with exit code: 1 -> [Help 1]
[ERROR] 
[ERROR] To see the full stack trace of the errors, re-run Maven with the -e switch.
[ERROR] Re-run Maven using the -X switch to enable full debug logging.
[ERROR] 
[ERROR] For more information about the errors and possible solutions, please read the following articles:
[ERROR] [Help 1] http://cwiki.apache.org/confluence/display/MAVEN/MojoExecutionException
