2025-12-28 16:54:56.350 [main] INFO  com.academic.user.UserMapperTest - Starting UserMapperTest using Java 17.0.16 with PID 29028 (started by 29901 in D:\Buaa\大三上\软件分析\AcademicSharingPlatform\services\user-service)
2025-12-28 16:54:56.351 [main] DEBUG com.academic.user.UserMapperTest - Running with Spring Boot v3.1.4, Spring v6.0.12
2025-12-28 16:54:56.353 [main] INFO  com.academic.user.UserMapperTest - The following 1 profile is active: "local"
2025-12-28 16:54:57.900 [main] WARN  o.m.s.mapper.ClassPathMapperScanner - No MyBatis mapper was found in '[scan.your.mapper.package]' package. Please check your configuration.
2025-12-28 16:54:59.074 [main] WARN  c.b.m.core.metadata.TableInfoHelper - Can not find table primary key in Class: "com.academic.user.dto.service.User".
2025-12-28 16:54:59.098 [main] WARN  c.b.m.c.injector.DefaultSqlInjector - class com.academic.user.dto.service.User ,Not found @TableId annotation, Cannot use Mybatis-Plus 'xxById' Method.
2025-12-28 16:55:00.170 [main] INFO  o.f.c.i.license.VersionPrinter - Flyway Community Edition 9.16.3 by Redgate
2025-12-28 16:55:00.171 [main] INFO  o.f.c.i.license.VersionPrinter - See release notes here: https://rd.gt/416ObMi
2025-12-28 16:55:00.171 [main] INFO  o.f.c.i.license.VersionPrinter - 
2025-12-28 16:55:00.200 [main] INFO  com.zaxxer.hikari.HikariDataSource - HikariPool-1 - Starting...
2025-12-28 16:55:00.551 [main] INFO  com.zaxxer.hikari.pool.HikariPool - HikariPool-1 - Added connection com.mysql.cj.jdbc.ConnectionImpl@5fb07347
2025-12-28 16:55:00.555 [main] INFO  com.zaxxer.hikari.HikariDataSource - HikariPool-1 - Start completed.
2025-12-28 16:55:00.612 [main] INFO  o.f.c.i.d.base.BaseDatabaseType - Database: jdbc:mysql://localhost:3306/users (MySQL 9.3)
2025-12-28 16:55:00.631 [main] WARN  o.f.c.i.database.base.Database - Flyway upgrade recommended: MySQL 9.3 is newer than this version of Flyway and support has not been tested. The latest supported version of MySQL is 8.0.
2025-12-28 16:55:00.683 [main] INFO  o.f.core.internal.command.DbValidate - Successfully validated 2 migrations (execution time 00:00.037s)
2025-12-28 16:55:00.703 [main] INFO  o.f.core.internal.command.DbMigrate - Current version of schema `users`: 1
2025-12-28 16:55:00.704 [main] INFO  o.f.core.internal.command.DbMigrate - Schema `users` is up to date. No migration necessary.
2025-12-28 16:55:01.775 [main] INFO  c.b.m.e.s.MybatisPlusApplicationContextAware - Register ApplicationContext instances org.springframework.web.context.support.GenericWebApplicationContext@2fa3be26
2025-12-28 16:55:02.348 [main] INFO  o.s.b.a.e.web.EndpointLinksResolver - Exposing 1 endpoint(s) beneath base path '/actuator'
2025-12-28 16:55:02.526 [main] INFO  com.academic.user.UserMapperTest - Started UserMapperTest in 7.081 seconds (process running for 9.388)
2025-12-28 16:55:04.239 [main] DEBUG c.a.u.mapper.UserMapper.updateUser - ==>  Preparing: update users SET display_name = ?, email = ? WHERE user_id = ?;
2025-12-28 16:55:04.285 [main] DEBUG c.a.u.mapper.UserMapper.updateUser - ==> Parameters: Tim(String), 321@321.com(String), 53384ce1-2887-4f89-82c4-5082b5e1a20f(String)
2025-12-28 16:55:04.312 [main] DEBUG c.a.u.mapper.UserMapper.updateUser - <==    Updates: 1
2025-12-28 16:55:04.369 [SpringApplicationShutdownHook] INFO  com.zaxxer.hikari.HikariDataSource - HikariPool-1 - Shutdown initiated...
2025-12-28 16:55:04.380 [SpringApplicationShutdownHook] INFO  com.zaxxer.hikari.HikariDataSource - HikariPool-1 - Shutdown completed.
2025-12-28 16:55:16.101 [main] INFO  com.academic.user.UserMapperTest - Starting UserMapperTest using Java 17.0.16 with PID 28752 (started by 29901 in D:\Buaa\大三上\软件分析\AcademicSharingPlatform\services\user-service)
2025-12-28 16:55:16.102 [main] DEBUG com.academic.user.UserMapperTest - Running with Spring Boot v3.1.4, Spring v6.0.12
2025-12-28 16:55:16.105 [main] INFO  com.academic.user.UserMapperTest - The following 1 profile is active: "local"
2025-12-28 16:55:17.679 [main] WARN  o.m.s.mapper.ClassPathMapperScanner - No MyBatis mapper was found in '[scan.your.mapper.package]' package. Please check your configuration.
2025-12-28 16:55:18.636 [main] WARN  c.b.m.core.metadata.TableInfoHelper - Can not find table primary key in Class: "com.academic.user.dto.service.User".
2025-12-28 16:55:18.645 [main] WARN  c.b.m.c.injector.DefaultSqlInjector - class com.academic.user.dto.service.User ,Not found @TableId annotation, Cannot use Mybatis-Plus 'xxById' Method.
2025-12-28 16:55:19.320 [main] INFO  o.f.c.i.license.VersionPrinter - Flyway Community Edition 9.16.3 by Redgate
2025-12-28 16:55:19.320 [main] INFO  o.f.c.i.license.VersionPrinter - See release notes here: https://rd.gt/416ObMi
2025-12-28 16:55:19.320 [main] INFO  o.f.c.i.license.VersionPrinter - 
2025-12-28 16:55:19.346 [main] INFO  com.zaxxer.hikari.HikariDataSource - HikariPool-1 - Starting...
2025-12-28 16:55:19.700 [main] INFO  com.zaxxer.hikari.pool.HikariPool - HikariPool-1 - Added connection com.mysql.cj.jdbc.ConnectionImpl@6e5f5478
2025-12-28 16:55:19.704 [main] INFO  com.zaxxer.hikari.HikariDataSource - HikariPool-1 - Start completed.
2025-12-28 16:55:19.763 [main] INFO  o.f.c.i.d.base.BaseDatabaseType - Database: jdbc:mysql://localhost:3306/users (MySQL 9.3)
2025-12-28 16:55:19.797 [main] WARN  o.f.c.i.database.base.Database - Flyway upgrade recommended: MySQL 9.3 is newer than this version of Flyway and support has not been tested. The latest supported version of MySQL is 8.0.
2025-12-28 16:55:19.855 [main] INFO  o.f.core.internal.command.DbValidate - Successfully validated 2 migrations (execution time 00:00.043s)
2025-12-28 16:55:19.875 [main] INFO  o.f.core.internal.command.DbMigrate - Current version of schema `users`: 1
2025-12-28 16:55:19.876 [main] INFO  o.f.core.internal.command.DbMigrate - Schema `users` is up to date. No migration necessary.
2025-12-28 16:55:20.864 [main] INFO  c.b.m.e.s.MybatisPlusApplicationContextAware - Register ApplicationContext instances org.springframework.web.context.support.GenericWebApplicationContext@76304b46
2025-12-28 16:55:21.547 [main] INFO  o.s.b.a.e.web.EndpointLinksResolver - Exposing 1 endpoint(s) beneath base path '/actuator'
2025-12-28 16:55:21.694 [main] INFO  com.academic.user.UserMapperTest - Started UserMapperTest in 6.225 seconds (process running for 7.606)
2025-12-28 16:55:23.256 [main] DEBUG c.a.u.mapper.UserMapper.updateUser - ==>  Preparing: update users SET display_name = ? WHERE user_id = ?;
2025-12-28 16:55:23.275 [main] DEBUG c.a.u.mapper.UserMapper.updateUser - ==> Parameters: Tim(String), 53384ce1-2887-4f89-82c4-5082b5e1a20f(String)
2025-12-28 16:55:23.276 [main] DEBUG c.a.u.mapper.UserMapper.updateUser - <==    Updates: 1
2025-12-28 16:55:23.310 [SpringApplicationShutdownHook] INFO  com.zaxxer.hikari.HikariDataSource - HikariPool-1 - Shutdown initiated...
2025-12-28 16:55:23.325 [SpringApplicationShutdownHook] INFO  com.zaxxer.hikari.HikariDataSource - HikariPool-1 - Shutdown completed.
